[    0.000000] Linux version 4.8.13-1-ARCH (builduser@tobias) (gcc version 6.2.1 20160830 (GCC) ) #1 SMP PREEMPT Fri Dec 9 07:24:34 CET 2016
[    0.000000] Command line: BOOT_IMAGE=/vmlinuz-linux root=UUID=584bbacb-3184-4b64-bba8-c0b4b640c8a5 rw quiet
[    0.000000] x86/fpu: Supporting XSAVE feature 0x001: 'x87 floating point registers'
[    0.000000] x86/fpu: Supporting XSAVE feature 0x002: 'SSE registers'
[    0.000000] x86/fpu: Supporting XSAVE feature 0x004: 'AVX registers'
[    0.000000] x86/fpu: xstate_offset[2]:  576, xstate_sizes[2]:  256
[    0.000000] x86/fpu: Enabled xstate features 0x7, context size is 832 bytes, using 'standard' format.
[    0.000000] x86/fpu: Using 'eager' FPU context switches.
[    0.000000] e820: BIOS-provided physical RAM map:
[    0.000000] BIOS-e820: [mem 0x0000000000000000-0x000000000009efff] usable
[    0.000000] BIOS-e820: [mem 0x000000000009f000-0x000000000009ffff] reserved
[    0.000000] BIOS-e820: [mem 0x0000000000100000-0x00000000de6b1fff] usable
[    0.000000] BIOS-e820: [mem 0x00000000de6b2000-0x00000000de8d2fff] reserved
[    0.000000] BIOS-e820: [mem 0x00000000de8d3000-0x00000000de8d3fff] ACPI data
[    0.000000] BIOS-e820: [mem 0x00000000de8d4000-0x00000000de9eefff] ACPI NVS
[    0.000000] BIOS-e820: [mem 0x00000000de9ef000-0x00000000deda4fff] reserved
[    0.000000] BIOS-e820: [mem 0x00000000deda5000-0x00000000dee38fff] type 20
[    0.000000] BIOS-e820: [mem 0x00000000dee39000-0x00000000dee39fff] usable
[    0.000000] BIOS-e820: [mem 0x00000000dee3a000-0x00000000dee7cfff] ACPI NVS
[    0.000000] BIOS-e820: [mem 0x00000000dee7d000-0x00000000df5dafff] usable
[    0.000000] BIOS-e820: [mem 0x00000000df5db000-0x00000000df7f1fff] reserved
[    0.000000] BIOS-e820: [mem 0x00000000df7f2000-0x00000000df7fffff] usable
[    0.000000] BIOS-e820: [mem 0x00000000f8000000-0x00000000fbffffff] reserved
[    0.000000] BIOS-e820: [mem 0x00000000fec00000-0x00000000fec00fff] reserved
[    0.000000] BIOS-e820: [mem 0x00000000fed00000-0x00000000fed03fff] reserved
[    0.000000] BIOS-e820: [mem 0x00000000fed1c000-0x00000000fed1ffff] reserved
[    0.000000] BIOS-e820: [mem 0x00000000fee00000-0x00000000fee00fff] reserved
[    0.000000] BIOS-e820: [mem 0x00000000ff000000-0x00000000ffffffff] reserved
[    0.000000] BIOS-e820: [mem 0x0000000100000000-0x000000021effffff] usable
[    0.000000] NX (Execute Disable) protection: active
[    0.000000] efi: EFI v2.31 by American Megatrends
[    0.000000] efi:  ACPI=0xde9df000  ACPI 2.0=0xde9df000  SMBIOS=0xf04c0  MPS=0xfd460 
[    0.000000] SMBIOS 2.7 present.
[    0.000000] DMI: Supermicro X9SPU-F/X9SPU-F, BIOS 2.00 05/24/2012
[    0.000000] e820: update [mem 0x00000000-0x00000fff] usable ==> reserved
[    0.000000] e820: remove [mem 0x000a0000-0x000fffff] usable
[    0.000000] e820: last_pfn = 0x21f000 max_arch_pfn = 0x400000000
[    0.000000] MTRR default type: uncachable
[    0.000000] MTRR fixed ranges enabled:
[    0.000000]   00000-9FFFF write-back
[    0.000000]   A0000-BFFFF uncachable
[    0.000000]   C0000-C7FFF write-protect
[    0.000000]   C8000-DFFFF uncachable
[    0.000000]   E0000-FFFFF write-protect
[    0.000000] MTRR variable ranges enabled:
[    0.000000]   0 base 000000000 mask E00000000 write-back
[    0.000000]   1 base 200000000 mask FF0000000 write-back
[    0.000000]   2 base 210000000 mask FF8000000 write-back
[    0.000000]   3 base 218000000 mask FFC000000 write-back
[    0.000000]   4 base 21C000000 mask FFE000000 write-back
[    0.000000]   5 base 21E000000 mask FFF000000 write-back
[    0.000000]   6 base 0E0000000 mask FE0000000 uncachable
[    0.000000]   7 disabled
[    0.000000]   8 disabled
[    0.000000]   9 disabled
[    0.000000] x86/PAT: Configuration [0-7]: WB  WC  UC- UC  WB  WC  UC- WT  
[    0.000000] e820: update [mem 0xe0000000-0xffffffff] usable ==> reserved
[    0.000000] e820: last_pfn = 0xdf800 max_arch_pfn = 0x400000000
[    0.000000] found SMP MP-table at [mem 0x000fd820-0x000fd82f] mapped at [ffff8800000fd820]
[    0.000000] Scanning 1 areas for low memory corruption
[    0.000000] Base memory trampoline at [ffff880000097000] 97000 size 24576
[    0.000000] BRK [0x01d4d000, 0x01d4dfff] PGTABLE
[    0.000000] BRK [0x01d4e000, 0x01d4efff] PGTABLE
[    0.000000] BRK [0x01d4f000, 0x01d4ffff] PGTABLE
[    0.000000] BRK [0x01d50000, 0x01d50fff] PGTABLE
[    0.000000] BRK [0x01d51000, 0x01d51fff] PGTABLE
[    0.000000] BRK [0x01d52000, 0x01d52fff] PGTABLE
[    0.000000] RAMDISK: [mem 0x374df000-0x37a66fff]
[    0.000000] ACPI: Early table checksum verification disabled
[    0.000000] ACPI: RSDP 0x00000000DE9DF000 000024 (v02 SUPERM)
[    0.000000] ACPI: XSDT 0x00000000DE9DF088 000094 (v01 SUPERM SMCI--MB 00000001 AMI  00010013)
[    0.000000] ACPI: FACP 0x00000000DE9E91C8 0000F4 (v04 SUPERM SMCI--MB 00000001 AMI  00010013)
[    0.000000] ACPI: DSDT 0x00000000DE9DF1B8 00A00F (v02 SUPERM SMCI--MB 00000000 INTL 20051117)
[    0.000000] ACPI: FACS 0x00000000DE9EDF80 000040
[    0.000000] ACPI: APIC 0x00000000DE9E92C0 000092 (v03 SUPERM SMCI--MB 00000001 AMI  00010013)
[    0.000000] ACPI: FPDT 0x00000000DE9E9358 000044 (v01 SUPERM SMCI--MB 00000001 AMI  00010013)
[    0.000000] ACPI: MCFG 0x00000000DE9E93A0 00003C (v01 SUPERM SMCI--MB 00000001 MSFT 00000097)
[    0.000000] ACPI: HPET 0x00000000DE9E93E0 000038 (v01 SUPERM SMCI--MB 00000001 AMI. 00000005)
[    0.000000] ACPI: SSDT 0x00000000DE9E9418 00036D (v01 SataRe SataTabl 00001000 INTL 20091112)
[    0.000000] ACPI: SPMI 0x00000000DE9E9788 000040 (v05 A M I  OEMSPMI  00000000 AMI. 00000000)
[    0.000000] ACPI: SSDT 0x00000000DE9E97C8 0009AA (v01 PmRef  Cpu0Ist  00003000 INTL 20051117)
[    0.000000] ACPI: SSDT 0x00000000DE9EA178 000F95 (v01 PmRef  CpuPm    00003000 INTL 20051117)
[    0.000000] ACPI: SPCR 0x00000000DE9EB110 000050 (v01 A M I  APTIO4   00000001 AMI. 00000005)
[    0.000000] ACPI: EINJ 0x00000000DE9EB160 000130 (v01 AMI    AMI EINJ 00000000      00000000)
[    0.000000] ACPI: ERST 0x00000000DE9EB290 000210 (v01 AMIER  AMI ERST 00000000      00000000)
[    0.000000] ACPI: HEST 0x00000000DE9EB4A0 0000A8 (v01 AMI    AMI HEST 00000000      00000000)
[    0.000000] ACPI: BERT 0x00000000DE9EB548 000030 (v01 AMI    AMI BERT 00000000      00000000)
[    0.000000] ACPI: Local APIC address 0xfee00000
[    0.000000] No NUMA configuration found
[    0.000000] Faking a node at [mem 0x0000000000000000-0x000000021effffff]
[    0.000000] NODE_DATA(0) allocated [mem 0x21eff2000-0x21eff6fff]
[    0.000000] Zone ranges:
[    0.000000]   DMA      [mem 0x0000000000001000-0x0000000000ffffff]
[    0.000000]   DMA32    [mem 0x0000000001000000-0x00000000ffffffff]
[    0.000000]   Normal   [mem 0x0000000100000000-0x000000021effffff]
[    0.000000]   Device   empty
[    0.000000] Movable zone start for each node
[    0.000000] Early memory node ranges
[    0.000000]   node   0: [mem 0x0000000000001000-0x000000000009efff]
[    0.000000]   node   0: [mem 0x0000000000100000-0x00000000de6b1fff]
[    0.000000]   node   0: [mem 0x00000000dee39000-0x00000000dee39fff]
[    0.000000]   node   0: [mem 0x00000000dee7d000-0x00000000df5dafff]
[    0.000000]   node   0: [mem 0x00000000df7f2000-0x00000000df7fffff]
[    0.000000]   node   0: [mem 0x0000000100000000-0x000000021effffff]
[    0.000000] Initmem setup node 0 [mem 0x0000000000001000-0x000000021effffff]
[    0.000000] On node 0 totalpages: 2088381
[    0.000000]   DMA zone: 64 pages used for memmap
[    0.000000]   DMA zone: 26 pages reserved
[    0.000000]   DMA zone: 3998 pages, LIFO batch:0
[    0.000000]   DMA32 zone: 14201 pages used for memmap
[    0.000000]   DMA32 zone: 908831 pages, LIFO batch:31
[    0.000000]   Normal zone: 18368 pages used for memmap
[    0.000000]   Normal zone: 1175552 pages, LIFO batch:31
[    0.000000] ACPI: PM-Timer IO Port: 0x408
[    0.000000] ACPI: Local APIC address 0xfee00000
[    0.000000] ACPI: LAPIC_NMI (acpi_id[0xff] high edge lint[0x1])
[    0.000000] IOAPIC[0]: apic_id 2, version 32, address 0xfec00000, GSI 0-23
[    0.000000] ACPI: INT_SRC_OVR (bus 0 bus_irq 0 global_irq 2 dfl dfl)
[    0.000000] ACPI: INT_SRC_OVR (bus 0 bus_irq 9 global_irq 9 high level)
[    0.000000] ACPI: IRQ0 used by override.
[    0.000000] ACPI: IRQ9 used by override.
[    0.000000] Using ACPI (MADT) for SMP configuration information
[    0.000000] ACPI: HPET id: 0x8086a701 base: 0xfed00000
[    0.000000] smpboot: Allowing 8 CPUs, 0 hotplug CPUs
[    0.000000] PM: Registered nosave memory: [mem 0x00000000-0x00000fff]
[    0.000000] PM: Registered nosave memory: [mem 0x0009f000-0x0009ffff]
[    0.000000] PM: Registered nosave memory: [mem 0x000a0000-0x000fffff]
[    0.000000] PM: Registered nosave memory: [mem 0xde6b2000-0xde8d2fff]
[    0.000000] PM: Registered nosave memory: [mem 0xde8d3000-0xde8d3fff]
[    0.000000] PM: Registered nosave memory: [mem 0xde8d4000-0xde9eefff]
[    0.000000] PM: Registered nosave memory: [mem 0xde9ef000-0xdeda4fff]
[    0.000000] PM: Registered nosave memory: [mem 0xdeda5000-0xdee38fff]
[    0.000000] PM: Registered nosave memory: [mem 0xdee3a000-0xdee7cfff]
[    0.000000] PM: Registered nosave memory: [mem 0xdf5db000-0xdf7f1fff]
[    0.000000] PM: Registered nosave memory: [mem 0xdf800000-0xf7ffffff]
[    0.000000] PM: Registered nosave memory: [mem 0xf8000000-0xfbffffff]
[    0.000000] PM: Registered nosave memory: [mem 0xfc000000-0xfebfffff]
[    0.000000] PM: Registered nosave memory: [mem 0xfec00000-0xfec00fff]
[    0.000000] PM: Registered nosave memory: [mem 0xfec01000-0xfecfffff]
[    0.000000] PM: Registered nosave memory: [mem 0xfed00000-0xfed03fff]
[    0.000000] PM: Registered nosave memory: [mem 0xfed04000-0xfed1bfff]
[    0.000000] PM: Registered nosave memory: [mem 0xfed1c000-0xfed1ffff]
[    0.000000] PM: Registered nosave memory: [mem 0xfed20000-0xfedfffff]
[    0.000000] PM: Registered nosave memory: [mem 0xfee00000-0xfee00fff]
[    0.000000] PM: Registered nosave memory: [mem 0xfee01000-0xfeffffff]
[    0.000000] PM: Registered nosave memory: [mem 0xff000000-0xffffffff]
[    0.000000] e820: [mem 0xdf800000-0xf7ffffff] available for PCI devices
[    0.000000] Booting paravirtualized kernel on bare hardware
[    0.000000] clocksource: refined-jiffies: mask: 0xffffffff max_cycles: 0xffffffff, max_idle_ns: 6370452778343963 ns
[    0.000000] setup_percpu: NR_CPUS:128 nr_cpumask_bits:128 nr_cpu_ids:8 nr_node_ids:1
[    0.000000] percpu: Embedded 35 pages/cpu @ffff88021ec00000 s103128 r8192 d32040 u262144
[    0.000000] pcpu-alloc: s103128 r8192 d32040 u262144 alloc=1*2097152
[    0.000000] pcpu-alloc: [0] 0 1 2 3 4 5 6 7 
[    0.000000] Built 1 zonelists in Node order, mobility grouping on.  Total pages: 2055722
[    0.000000] Policy zone: Normal
[    0.000000] Kernel command line: BOOT_IMAGE=/vmlinuz-linux root=UUID=584bbacb-3184-4b64-bba8-c0b4b640c8a5 rw quiet
[    0.000000] PID hash table entries: 4096 (order: 3, 32768 bytes)
[    0.000000] Calgary: detecting Calgary via BIOS EBDA area
[    0.000000] Calgary: Unable to locate Rio Grande table in EBDA - bailing!
[    0.000000] Memory: 7942388K/8353524K available (6131K kernel code, 1051K rwdata, 1912K rodata, 1256K init, 1036K bss, 411136K reserved, 0K cma-reserved)
[    0.000000] SLUB: HWalign=64, Order=0-3, MinObjects=0, CPUs=8, Nodes=1
[    0.000000] Preemptible hierarchical RCU implementation.
[    0.000000] 	Build-time adjustment of leaf fanout to 64.
[    0.000000] 	RCU restricting CPUs from NR_CPUS=128 to nr_cpu_ids=8.
[    0.000000] RCU: Adjusting geometry for rcu_fanout_leaf=64, nr_cpu_ids=8
[    0.000000] NR_IRQS:8448 nr_irqs:488 16
[    0.000000] Console: colour dummy device 80x25
[    0.000000] console [tty0] enabled
[    0.000000] clocksource: hpet: mask: 0xffffffff max_cycles: 0xffffffff, max_idle_ns: 133484882848 ns
[    0.000000] hpet clockevent registered
[    0.000000] tsc: Fast TSC calibration using PIT
[    0.000000] tsc: Detected 3300.300 MHz processor
[    0.000020] Calibrating delay loop (skipped), value calculated using timer frequency.. 6603.62 BogoMIPS (lpj=11001000)
[    0.000022] pid_max: default: 32768 minimum: 301
[    0.000029] ACPI: Core revision 20160422
[    0.005071] ACPI: 4 ACPI AML tables successfully acquired and loaded

[    0.005651] Security Framework initialized
[    0.005652] Yama: becoming mindful.
[    0.005929] Dentry cache hash table entries: 1048576 (order: 11, 8388608 bytes)
[    0.007365] Inode-cache hash table entries: 524288 (order: 10, 4194304 bytes)
[    0.008014] Mount-cache hash table entries: 16384 (order: 5, 131072 bytes)
[    0.008019] Mountpoint-cache hash table entries: 16384 (order: 5, 131072 bytes)
[    0.008202] CPU: Physical Processor ID: 0
[    0.008202] CPU: Processor Core ID: 0
[    0.008206] ENERGY_PERF_BIAS: Set to 'normal', was 'performance'
[    0.008206] ENERGY_PERF_BIAS: View and update with x86_energy_perf_policy(8)
[    0.008208] mce: CPU supports 9 MCE banks
[    0.008215] CPU0: Thermal monitoring enabled (TM1)
[    0.008223] process: using mwait in idle threads
[    0.008225] Last level iTLB entries: 4KB 512, 2MB 8, 4MB 8
[    0.008226] Last level dTLB entries: 4KB 512, 2MB 32, 4MB 32, 1GB 0
[    0.008559] Freeing SMP alternatives memory: 24K (ffffffff81c42000 - ffffffff81c48000)
[    0.024441] ftrace: allocating 24335 entries in 96 pages
[    0.033351] smpboot: APIC(0) Converting physical 0 to logical package 0
[    0.033352] smpboot: Max logical packages: 2
[    0.033425] x2apic: IRQ remapping doesn't support X2APIC mode
[    0.033871] ..TIMER: vector=0x30 apic1=0 pin1=2 apic2=-1 pin2=-1
[    0.066877] TSC deadline timer enabled
[    0.066880] smpboot: CPU0: Intel(R) Xeon(R) CPU E3-1230 V2 @ 3.30GHz (family: 0x6, model: 0x3a, stepping: 0x9)
[    0.066883] Performance Events: PEBS fmt1+, IvyBridge events, 16-deep LBR, full-width counters, Intel PMU driver.
[    0.066898] ... version:                3
[    0.066898] ... bit width:              48
[    0.066898] ... generic registers:      4
[    0.066899] ... value mask:             0000ffffffffffff
[    0.066899] ... max period:             0000ffffffffffff
[    0.066900] ... fixed-purpose events:   3
[    0.066900] ... event mask:             000000070000000f
[    0.090366] NMI watchdog: enabled on all CPUs, permanently consumes one hw-PMU counter.
[    0.106935] x86: Booting SMP configuration:
[    0.106936] .... node  #0, CPUs:      #1 #2 #3 #4 #5 #6 #7
[    0.772513] x86: Booted up 1 node, 8 CPUs
[    0.772515] smpboot: Total of 8 processors activated (52835.50 BogoMIPS)
[    0.778931] devtmpfs: initialized
[    0.778976] x86/mm: Memory block size: 128MB
[    0.780838] PM: Registering ACPI NVS region [mem 0xde8d4000-0xde9eefff] (1159168 bytes)
[    0.780849] PM: Registering ACPI NVS region [mem 0xdee3a000-0xdee7cfff] (274432 bytes)
[    0.780896] clocksource: jiffies: mask: 0xffffffff max_cycles: 0xffffffff, max_idle_ns: 6370867519511994 ns
[    0.780928] pinctrl core: initialized pinctrl subsystem
[    0.780966] RTC time: 18:08:01, date: 01/01/09
[    0.781030] NET: Registered protocol family 16
[    0.795338] cpuidle: using governor ladder
[    0.812013] cpuidle: using governor menu
[    0.812039] ACPI: bus type PCI registered
[    0.812041] acpiphp: ACPI Hot Plug PCI Controller Driver version: 0.5
[    0.812122] PCI: MMCONFIG for domain 0000 [bus 00-3f] at [mem 0xf8000000-0xfbffffff] (base 0xf8000000)
[    0.812123] PCI: MMCONFIG at [mem 0xf8000000-0xfbffffff] reserved in E820
[    0.812128] pmd_set_huge: Cannot satisfy [mem 0xf8000000-0xf8200000] with a huge-page mapping due to MTRR override.
[    0.812181] PCI: Using configuration type 1 for base access
[    0.812218] core: PMU erratum BJ122, BV98, HSD29 worked around, HT is on
[    0.835473] HugeTLB registered 2 MB page size, pre-allocated 0 pages
[    0.835612] ACPI: Added _OSI(Module Device)
[    0.835613] ACPI: Added _OSI(Processor Device)
[    0.835613] ACPI: Added _OSI(3.0 _SCP Extensions)
[    0.835614] ACPI: Added _OSI(Processor Aggregator Device)
[    0.835760] ACPI: Executed 1 blocks of module-level executable AML code
[    0.992615] ACPI: Dynamic OEM Table Load:
[    0.992620] ACPI: SSDT 0xFFFF880214FA4000 00083B (v01 PmRef  Cpu0Cst  00003001 INTL 20051117)
[    0.992996] ACPI: Dynamic OEM Table Load:
[    0.992999] ACPI: SSDT 0xFFFF880214F1D400 000303 (v01 PmRef  ApIst    00003000 INTL 20051117)
[    0.993321] ACPI: Dynamic OEM Table Load:
[    0.993324] ACPI: SSDT 0xFFFF880214F15600 000119 (v01 PmRef  ApCst    00003000 INTL 20051117)
[    0.994470] ACPI: Interpreter enabled
[    0.994483] ACPI: (supports S0 S1 S4 S5)
[    0.994484] ACPI: Using IOAPIC for interrupt routing
[    0.994522] HEST: Table parsing has been initialized.
[    0.994523] PCI: Using host bridge windows from ACPI; if necessary, use "pci=nocrs" and report a bug
[    0.999449] ACPI: Power Resource [FN00] (off)
[    0.999505] ACPI: Power Resource [FN01] (off)
[    0.999559] ACPI: Power Resource [FN02] (off)
[    0.999614] ACPI: Power Resource [FN03] (off)
[    0.999669] ACPI: Power Resource [FN04] (off)
[    1.000052] ACPI: PCI Root Bridge [PCI0] (domain 0000 [bus 00-3e])
[    1.000055] acpi PNP0A08:00: _OSC: OS supports [ExtendedConfig ASPM ClockPM Segments MSI]
[    1.000130] acpi PNP0A08:00: _OSC: platform does not support [PCIeHotplug PME]
[    1.000197] acpi PNP0A08:00: _OSC: OS now controls [AER PCIeCapability]
[    1.000513] PCI host bridge to bus 0000:00
[    1.000515] pci_bus 0000:00: root bus resource [io  0x0000-0x0cf7 window]
[    1.000516] pci_bus 0000:00: root bus resource [io  0x0d00-0xffff window]
[    1.000516] pci_bus 0000:00: root bus resource [mem 0x000a0000-0x000bffff window]
[    1.000517] pci_bus 0000:00: root bus resource [mem 0x000c8000-0x000cbfff window]
[    1.000518] pci_bus 0000:00: root bus resource [mem 0x000cc000-0x000cffff window]
[    1.000519] pci_bus 0000:00: root bus resource [mem 0x000d0000-0x000d3fff window]
[    1.000519] pci_bus 0000:00: root bus resource [mem 0x000d4000-0x000d7fff window]
[    1.000520] pci_bus 0000:00: root bus resource [mem 0x000d8000-0x000dbfff window]
[    1.000521] pci_bus 0000:00: root bus resource [mem 0x000dc000-0x000dffff window]
[    1.000522] pci_bus 0000:00: root bus resource [mem 0xe0000000-0xfeafffff window]
[    1.000523] pci_bus 0000:00: root bus resource [bus 00-3e]
[    1.000528] pci 0000:00:00.0: [8086:0158] type 00 class 0x060000
[    1.000622] pci 0000:00:14.0: [8086:1e31] type 00 class 0x0c0330
[    1.000641] pci 0000:00:14.0: reg 0x10: [mem 0xf7b00000-0xf7b0ffff 64bit]
[    1.000706] pci 0000:00:14.0: PME# supported from D3hot D3cold
[    1.000767] pci 0000:00:16.0: [8086:1e3a] type 00 class 0x078000
[    1.000786] pci 0000:00:16.0: reg 0x10: [mem 0xf7b17000-0xf7b1700f 64bit]
[    1.000856] pci 0000:00:16.0: PME# supported from D0 D3hot D3cold
[    1.000925] pci 0000:00:1a.0: [8086:1e2d] type 00 class 0x0c0320
[    1.000940] pci 0000:00:1a.0: reg 0x10: [mem 0xf7b14000-0xf7b143ff]
[    1.001019] pci 0000:00:1a.0: PME# supported from D0 D3hot D3cold
[    1.001066] pci 0000:00:1a.0: System wakeup disabled by ACPI
[    1.001105] pci 0000:00:1c.0: [8086:1e10] type 01 class 0x060400
[    1.001229] pci 0000:00:1c.0: PME# supported from D0 D3hot D3cold
[    1.001272] pci 0000:00:1c.0: System wakeup disabled by ACPI
[    1.001313] pci 0000:00:1c.6: [8086:1e1c] type 01 class 0x060400
[    1.001437] pci 0000:00:1c.6: PME# supported from D0 D3hot D3cold
[    1.001478] pci 0000:00:1c.6: System wakeup disabled by ACPI
[    1.001517] pci 0000:00:1c.7: [8086:1e1e] type 01 class 0x060400
[    1.001643] pci 0000:00:1c.7: PME# supported from D0 D3hot D3cold
[    1.001689] pci 0000:00:1c.7: System wakeup disabled by ACPI
[    1.001720] pci 0000:00:1d.0: [8086:1e26] type 00 class 0x0c0320
[    1.001735] pci 0000:00:1d.0: reg 0x10: [mem 0xf7b13000-0xf7b133ff]
[    1.001813] pci 0000:00:1d.0: PME# supported from D0 D3hot D3cold
[    1.001856] pci 0000:00:1d.0: System wakeup disabled by ACPI
[    1.001885] pci 0000:00:1e.0: [8086:244e] type 01 class 0x060401
[    1.001957] pci 0000:00:1e.0: System wakeup disabled by ACPI
[    1.001983] pci 0000:00:1f.0: [8086:1e53] type 00 class 0x060100
[    1.002133] pci 0000:00:1f.2: [8086:1e02] type 00 class 0x010601
[    1.002146] pci 0000:00:1f.2: reg 0x10: [io  0xf050-0xf057]
[    1.002153] pci 0000:00:1f.2: reg 0x14: [io  0xf040-0xf043]
[    1.002160] pci 0000:00:1f.2: reg 0x18: [io  0xf030-0xf037]
[    1.002167] pci 0000:00:1f.2: reg 0x1c: [io  0xf020-0xf023]
[    1.002174] pci 0000:00:1f.2: reg 0x20: [io  0xf000-0xf01f]
[    1.002180] pci 0000:00:1f.2: reg 0x24: [mem 0xf7b12000-0xf7b127ff]
[    1.002217] pci 0000:00:1f.2: PME# supported from D3hot
[    1.002275] pci 0000:00:1f.3: [8086:1e22] type 00 class 0x0c0500
[    1.002288] pci 0000:00:1f.3: reg 0x10: [mem 0xf7b11000-0xf7b110ff 64bit]
[    1.002307] pci 0000:00:1f.3: reg 0x20: [io  0x0580-0x059f]
[    1.002438] pci 0000:00:1c.0: PCI bridge to [bus 01]
[    1.002609] pci 0000:02:00.0: [8086:10d3] type 00 class 0x020000
[    1.002653] pci 0000:02:00.0: reg 0x10: [mem 0xf7a00000-0xf7a1ffff]
[    1.002700] pci 0000:02:00.0: reg 0x18: [io  0xe000-0xe01f]
[    1.002725] pci 0000:02:00.0: reg 0x1c: [mem 0xf7a20000-0xf7a23fff]
[    1.002960] pci 0000:02:00.0: PME# supported from D0 D3hot D3cold
[    1.003024] pci 0000:02:00.0: System wakeup disabled by ACPI
[    1.011610] pci 0000:00:1c.6: PCI bridge to [bus 02]
[    1.011614] pci 0000:00:1c.6:   bridge window [io  0xe000-0xefff]
[    1.011617] pci 0000:00:1c.6:   bridge window [mem 0xf7a00000-0xf7afffff]
[    1.011769] pci 0000:03:00.0: [8086:10d3] type 00 class 0x020000
[    1.011810] pci 0000:03:00.0: reg 0x10: [mem 0xf7900000-0xf791ffff]
[    1.011858] pci 0000:03:00.0: reg 0x18: [io  0xd000-0xd01f]
[    1.011884] pci 0000:03:00.0: reg 0x1c: [mem 0xf7920000-0xf7923fff]
[    1.012119] pci 0000:03:00.0: PME# supported from D0 D3hot D3cold
[    1.012186] pci 0000:03:00.0: System wakeup disabled by ACPI
[    1.021613] pci 0000:00:1c.7: PCI bridge to [bus 03]
[    1.021617] pci 0000:00:1c.7:   bridge window [io  0xd000-0xdfff]
[    1.021620] pci 0000:00:1c.7:   bridge window [mem 0xf7900000-0xf79fffff]
[    1.021663] pci 0000:04:03.0: [102b:0532] type 00 class 0x030000
[    1.021678] pci 0000:04:03.0: reg 0x10: [mem 0xf6000000-0xf6ffffff pref]
[    1.021687] pci 0000:04:03.0: reg 0x14: [mem 0xf7800000-0xf7803fff]
[    1.021695] pci 0000:04:03.0: reg 0x18: [mem 0xf7000000-0xf77fffff]
[    1.021802] pci 0000:00:1e.0: PCI bridge to [bus 04] (subtractive decode)
[    1.021807] pci 0000:00:1e.0:   bridge window [mem 0xf7000000-0xf78fffff]
[    1.021811] pci 0000:00:1e.0:   bridge window [mem 0xf6000000-0xf6ffffff 64bit pref]
[    1.021812] pci 0000:00:1e.0:   bridge window [io  0x0000-0x0cf7 window] (subtractive decode)
[    1.021813] pci 0000:00:1e.0:   bridge window [io  0x0d00-0xffff window] (subtractive decode)
[    1.021814] pci 0000:00:1e.0:   bridge window [mem 0x000a0000-0x000bffff window] (subtractive decode)
[    1.021815] pci 0000:00:1e.0:   bridge window [mem 0x000c8000-0x000cbfff window] (subtractive decode)
[    1.021815] pci 0000:00:1e.0:   bridge window [mem 0x000cc000-0x000cffff window] (subtractive decode)
[    1.021816] pci 0000:00:1e.0:   bridge window [mem 0x000d0000-0x000d3fff window] (subtractive decode)
[    1.021817] pci 0000:00:1e.0:   bridge window [mem 0x000d4000-0x000d7fff window] (subtractive decode)
[    1.021818] pci 0000:00:1e.0:   bridge window [mem 0x000d8000-0x000dbfff window] (subtractive decode)
[    1.021818] pci 0000:00:1e.0:   bridge window [mem 0x000dc000-0x000dffff window] (subtractive decode)
[    1.021819] pci 0000:00:1e.0:   bridge window [mem 0xe0000000-0xfeafffff window] (subtractive decode)
[    1.022436] ACPI: PCI Interrupt Link [LNKA] (IRQs 3 4 5 6 10 *11 12 14 15)
[    1.022481] ACPI: PCI Interrupt Link [LNKB] (IRQs 3 4 5 6 10 11 12 14 15) *0, disabled.
[    1.022522] ACPI: PCI Interrupt Link [LNKC] (IRQs 3 4 5 6 10 *11 12 14 15)
[    1.022561] ACPI: PCI Interrupt Link [LNKD] (IRQs 3 4 *5 6 10 11 12 14 15)
[    1.022601] ACPI: PCI Interrupt Link [LNKE] (IRQs 3 4 5 6 10 11 12 14 15) *0, disabled.
[    1.022641] ACPI: PCI Interrupt Link [LNKF] (IRQs 3 4 5 6 10 11 12 14 15) *0, disabled.
[    1.022682] ACPI: PCI Interrupt Link [LNKG] (IRQs 3 4 5 6 10 11 12 14 15) *0, disabled.
[    1.022722] ACPI: PCI Interrupt Link [LNKH] (IRQs 3 4 *5 6 10 11 12 14 15)
[    1.022892] ACPI: Enabled 4 GPEs in block 00 to 3F
[    1.022967] vgaarb: setting as boot device: PCI:0000:04:03.0
[    1.022968] vgaarb: device added: PCI:0000:04:03.0,decodes=io+mem,owns=io+mem,locks=none
[    1.022968] vgaarb: loaded
[    1.022969] vgaarb: bridge control possible 0000:04:03.0
[    1.052427] PCI: Using ACPI for IRQ routing
[    1.053796] PCI: pci_cache_line_size set to 64 bytes
[    1.053975] e820: reserve RAM buffer [mem 0x0009f000-0x0009ffff]
[    1.053976] e820: reserve RAM buffer [mem 0xde6b2000-0xdfffffff]
[    1.053977] e820: reserve RAM buffer [mem 0xdee3a000-0xdfffffff]
[    1.053979] e820: reserve RAM buffer [mem 0xdf5db000-0xdfffffff]
[    1.053980] e820: reserve RAM buffer [mem 0xdf800000-0xdfffffff]
[    1.053980] e820: reserve RAM buffer [mem 0x21f000000-0x21fffffff]
[    1.054046] NetLabel: Initializing
[    1.054047] NetLabel:  domain hash size = 128
[    1.054047] NetLabel:  protocols = UNLABELED CIPSOv4
[    1.054056] NetLabel:  unlabeled traffic allowed by default
[    1.054090] hpet0: at MMIO 0xfed00000, IRQs 2, 8, 0, 0, 0, 0, 0, 0
[    1.054094] hpet0: 8 comparators, 64-bit 14.318180 MHz counter
[    1.056110] clocksource: Switched to clocksource hpet
[    1.060052] VFS: Disk quotas dquot_6.6.0
[    1.060063] VFS: Dquot-cache hash table entries: 512 (order 0, 4096 bytes)
[    1.060113] pnp: PnP ACPI init
[    1.060173] system 00:00: [mem 0xfed40000-0xfed44fff] has been reserved
[    1.060176] system 00:00: Plug and Play ACPI device, IDs PNP0c01 (active)
[    1.060232] system 00:01: [io  0x0680-0x069f] has been reserved
[    1.060233] system 00:01: [io  0x1000-0x100f] has been reserved
[    1.060234] system 00:01: [io  0xffff] has been reserved
[    1.060235] system 00:01: [io  0xffff] has been reserved
[    1.060236] system 00:01: [io  0x0400-0x0453] has been reserved
[    1.060237] system 00:01: [io  0x0458-0x047f] has been reserved
[    1.060237] system 00:01: [io  0x0500-0x057f] has been reserved
[    1.060238] system 00:01: [io  0x164e-0x164f] has been reserved
[    1.060240] system 00:01: Plug and Play ACPI device, IDs PNP0c02 (active)
[    1.060256] pnp 00:02: Plug and Play ACPI device, IDs PNP0b00 (active)
[    1.060290] system 00:03: [io  0x0454-0x0457] has been reserved
[    1.060292] system 00:03: Plug and Play ACPI device, IDs INT3f0d PNP0c02 (active)
[    1.060325] system 00:04: [io  0x04d0-0x04d1] has been reserved
[    1.060326] system 00:04: Plug and Play ACPI device, IDs PNP0c02 (active)
[    1.060406] system 00:05: [io  0x0a00-0x0a1f] has been reserved
[    1.060407] system 00:05: [io  0x0a30-0x0a3f] has been reserved
[    1.060409] system 00:05: Plug and Play ACPI device, IDs PNP0c02 (active)
[    1.060575] pnp 00:06: [dma 0 disabled]
[    1.060609] pnp 00:06: Plug and Play ACPI device, IDs PNP0501 (active)
[    1.060753] pnp 00:07: [dma 0 disabled]
[    1.060785] pnp 00:07: Plug and Play ACPI device, IDs PNP0501 (active)
[    1.060853] system 00:08: [io  0x0b00-0x0b7f] has been reserved
[    1.060854] system 00:08: Plug and Play ACPI device, IDs PNP0c02 (active)
[    1.060974] pnp 00:09: [dma 0 disabled]
[    1.061003] pnp 00:09: Plug and Play ACPI device, IDs PNP0501 (active)
[    1.061162] system 00:0a: [mem 0xfed1c000-0xfed1ffff] has been reserved
[    1.061163] system 00:0a: [mem 0xfed10000-0xfed17fff] has been reserved
[    1.061164] system 00:0a: [mem 0xfed18000-0xfed18fff] has been reserved
[    1.061165] system 00:0a: [mem 0xfed19000-0xfed19fff] has been reserved
[    1.061166] system 00:0a: [mem 0xf8000000-0xfbffffff] has been reserved
[    1.061166] system 00:0a: [mem 0xfed20000-0xfed3ffff] has been reserved
[    1.061167] system 00:0a: [mem 0xfed90000-0xfed93fff] has been reserved
[    1.061168] system 00:0a: [mem 0xfed45000-0xfed8ffff] has been reserved
[    1.061169] system 00:0a: [mem 0xff000000-0xffffffff] has been reserved
[    1.061170] system 00:0a: [mem 0xfee00000-0xfeefffff] could not be reserved
[    1.061171] system 00:0a: [mem 0xe0000000-0xe0000fff] has been reserved
[    1.061173] system 00:0a: Plug and Play ACPI device, IDs PNP0c02 (active)
[    1.061282] pnp: PnP ACPI: found 11 devices
[    1.067330] clocksource: acpi_pm: mask: 0xffffff max_cycles: 0xffffff, max_idle_ns: 2085701024 ns
[    1.067373] pci 0000:00:1c.0: PCI bridge to [bus 01]
[    1.067390] pci 0000:00:1c.6: PCI bridge to [bus 02]
[    1.067393] pci 0000:00:1c.6:   bridge window [io  0xe000-0xefff]
[    1.067399] pci 0000:00:1c.6:   bridge window [mem 0xf7a00000-0xf7afffff]
[    1.067410] pci 0000:00:1c.7: PCI bridge to [bus 03]
[    1.067412] pci 0000:00:1c.7:   bridge window [io  0xd000-0xdfff]
[    1.067419] pci 0000:00:1c.7:   bridge window [mem 0xf7900000-0xf79fffff]
[    1.067429] pci 0000:00:1e.0: PCI bridge to [bus 04]
[    1.067433] pci 0000:00:1e.0:   bridge window [mem 0xf7000000-0xf78fffff]
[    1.067436] pci 0000:00:1e.0:   bridge window [mem 0xf6000000-0xf6ffffff 64bit pref]
[    1.067442] pci_bus 0000:00: resource 4 [io  0x0000-0x0cf7 window]
[    1.067442] pci_bus 0000:00: resource 5 [io  0x0d00-0xffff window]
[    1.067443] pci_bus 0000:00: resource 6 [mem 0x000a0000-0x000bffff window]
[    1.067444] pci_bus 0000:00: resource 7 [mem 0x000c8000-0x000cbfff window]
[    1.067445] pci_bus 0000:00: resource 8 [mem 0x000cc000-0x000cffff window]
[    1.067446] pci_bus 0000:00: resource 9 [mem 0x000d0000-0x000d3fff window]
[    1.067447] pci_bus 0000:00: resource 10 [mem 0x000d4000-0x000d7fff window]
[    1.067447] pci_bus 0000:00: resource 11 [mem 0x000d8000-0x000dbfff window]
[    1.067448] pci_bus 0000:00: resource 12 [mem 0x000dc000-0x000dffff window]
[    1.067449] pci_bus 0000:00: resource 13 [mem 0xe0000000-0xfeafffff window]
[    1.067450] pci_bus 0000:02: resource 0 [io  0xe000-0xefff]
[    1.067451] pci_bus 0000:02: resource 1 [mem 0xf7a00000-0xf7afffff]
[    1.067451] pci_bus 0000:03: resource 0 [io  0xd000-0xdfff]
[    1.067452] pci_bus 0000:03: resource 1 [mem 0xf7900000-0xf79fffff]
[    1.067453] pci_bus 0000:04: resource 1 [mem 0xf7000000-0xf78fffff]
[    1.067454] pci_bus 0000:04: resource 2 [mem 0xf6000000-0xf6ffffff 64bit pref]
[    1.067455] pci_bus 0000:04: resource 4 [io  0x0000-0x0cf7 window]
[    1.067456] pci_bus 0000:04: resource 5 [io  0x0d00-0xffff window]
[    1.067456] pci_bus 0000:04: resource 6 [mem 0x000a0000-0x000bffff window]
[    1.067457] pci_bus 0000:04: resource 7 [mem 0x000c8000-0x000cbfff window]
[    1.067458] pci_bus 0000:04: resource 8 [mem 0x000cc000-0x000cffff window]
[    1.067459] pci_bus 0000:04: resource 9 [mem 0x000d0000-0x000d3fff window]
[    1.067459] pci_bus 0000:04: resource 10 [mem 0x000d4000-0x000d7fff window]
[    1.067460] pci_bus 0000:04: resource 11 [mem 0x000d8000-0x000dbfff window]
[    1.067461] pci_bus 0000:04: resource 12 [mem 0x000dc000-0x000dffff window]
[    1.067462] pci_bus 0000:04: resource 13 [mem 0xe0000000-0xfeafffff window]
[    1.067481] NET: Registered protocol family 2
[    1.067595] TCP established hash table entries: 65536 (order: 7, 524288 bytes)
[    1.067679] TCP bind hash table entries: 65536 (order: 8, 1048576 bytes)
[    1.067782] TCP: Hash tables configured (established 65536 bind 65536)
[    1.067798] UDP hash table entries: 4096 (order: 5, 131072 bytes)
[    1.067814] UDP-Lite hash table entries: 4096 (order: 5, 131072 bytes)
[    1.067852] NET: Registered protocol family 1
[    1.068303] PCI: CLS mismatch (64 != 32), using 64 bytes
[    1.068311] pci 0000:04:03.0: Video device with shadowed ROM at [mem 0x000c0000-0x000dffff]
[    1.068340] Unpacking initramfs...
[    1.131562] Freeing initrd memory: 5664K (ffff8800374df000 - ffff880037a67000)
[    1.131565] PCI-DMA: Using software bounce buffering for IO (SWIOTLB)
[    1.131566] software IO TLB [mem 0xce896000-0xd2896000] (64MB) mapped at [ffff8800ce896000-ffff8800d2895fff]
[    1.131768] Scanning for low memory corruption every 60 seconds
[    1.131984] futex hash table entries: 2048 (order: 5, 131072 bytes)
[    1.132248] Initialise system trusted keyrings
[    1.132346] workingset: timestamp_bits=40 max_order=21 bucket_order=0
[    1.133370] zbud: loaded
[    1.133706] Key type asymmetric registered
[    1.133728] Block layer SCSI generic (bsg) driver version 0.4 loaded (major 249)
[    1.133760] io scheduler noop registered
[    1.133761] io scheduler deadline registered
[    1.133766] io scheduler cfq registered (default)
[    1.134221] pci_hotplug: PCI Hot Plug PCI Core version: 0.5
[    1.134225] pciehp: PCI Express Hot Plug Controller Driver version: 0.4
[    1.134234] efifb: probing for efifb
[    1.134243] efifb: framebuffer at 0xf6000000, using 1216k, total 1216k
[    1.134244] efifb: mode is 640x480x32, linelength=2560, pages=1
[    1.134244] efifb: scrolling: redraw
[    1.134245] efifb: Truecolor: size=8:8:8:8, shift=24:16:8:0
[    1.148093] Console: switching to colour frame buffer device 80x30
[    1.161752] fb0: EFI VGA frame buffer device
[    1.161757] intel_idle: MWAIT substates: 0x1120
[    1.161758] intel_idle: v0.4.1 model 0x3A
[    1.161940] intel_idle: lapic_timer_reliable_states 0xffffffff
[    1.162080] ERST: Error Record Serialization Table (ERST) support is initialized.
[    1.162081] pstore: using zlib compression
[    1.162083] pstore: Registered erst as persistent store backend
[    1.162124] GHES: APEI firmware first mode is enabled by WHEA _OSC.
[    1.162159] Serial: 8250/16550 driver, 4 ports, IRQ sharing enabled
[    1.182723] 00:06: ttyS0 at I/O 0x3f8 (irq = 4, base_baud = 115200) is a 16550A
[    1.203307] 00:07: ttyS1 at I/O 0x2f8 (irq = 3, base_baud = 115200) is a 16550A
[    1.223882] 00:09: ttyS2 at I/O 0x3e8 (irq = 10, base_baud = 115200) is a 16550A
[    1.224095] Linux agpgart interface v0.103
[    1.224563] rtc_cmos 00:02: RTC can wake from S4
[    1.224683] rtc_cmos 00:02: rtc core: registered rtc_cmos as rtc0
[    1.224711] rtc_cmos 00:02: alarms up to one month, y3k, 242 bytes nvram, hpet irqs
[    1.224717] intel_pstate: Intel P-state driver initializing
[    1.225213] ledtrig-cpu: registered to indicate activity on CPUs
[    1.225499] NET: Registered protocol family 10
[    1.225841] NET: Registered protocol family 17
[    1.226197] microcode: sig=0x306a9, pf=0x2, revision=0x10
[    1.226484] microcode: Microcode Update Driver: v2.01 <tigran@aivazian.fsnet.co.uk>, Peter Oruba
[    1.226784] registered taskstats version 1
[    1.226786] Loading compiled-in X.509 certificates
[    1.226805] zswap: loaded using pool lzo/zbud
[    1.227421] BERT: Can't request iomem region <00000000de9eee18-00000000de9eee2b>.
[    1.227981]   Magic number: 9:17:139
[    1.228021] acpi device:10: hash matches
[    1.228101] rtc_cmos 00:02: setting system clock to 2009-01-01 18:08:02 UTC (1230833282)
[    1.228183] PM: Hibernation image not present or could not be loaded.
[    1.229623] Freeing unused kernel memory: 1256K (ffffffff81b08000 - ffffffff81c42000)
[    1.229624] Write protecting the kernel read-only data: 10240k
[    1.230337] Freeing unused kernel memory: 2044K (ffff880001601000 - ffff880001800000)
[    1.230865] Freeing unused kernel memory: 136K (ffff8800019de000 - ffff880001a00000)
[    1.241506] random: systemd-tmpfile: uninitialized urandom read (16 bytes read)
[    1.243981] random: systemd-udevd: uninitialized urandom read (16 bytes read)
[    1.244036] random: systemd-udevd: uninitialized urandom read (16 bytes read)
[    1.245092] random: udevadm: uninitialized urandom read (16 bytes read)
[    1.245119] random: udevadm: uninitialized urandom read (16 bytes read)
[    1.248286] random: systemd-udevd: uninitialized urandom read (16 bytes read)
[    1.248308] random: systemd-udevd: uninitialized urandom read (16 bytes read)
[    1.248315] random: systemd-udevd: uninitialized urandom read (16 bytes read)
[    1.248564] random: systemd-udevd: uninitialized urandom read (16 bytes read)
[    1.248582] random: systemd-udevd: uninitialized urandom read (16 bytes read)
[    1.276612] i8042: PNP: No PS/2 controller found. Probing ports directly.
[    1.279150] serio: i8042 KBD port at 0x60,0x64 irq 1
[    1.279169] serio: i8042 AUX port at 0x60,0x64 irq 12
[    1.285337] ACPI: bus type USB registered
[    1.285373] usbcore: registered new interface driver usbfs
[    1.285389] usbcore: registered new interface driver hub
[    1.285443] usbcore: registered new device driver usb
[    1.285943] ehci_hcd: USB 2.0 'Enhanced' Host Controller (EHCI) Driver
[    1.286224] ehci-pci: EHCI PCI platform driver
[    1.286390] ehci-pci 0000:00:1a.0: EHCI Host Controller
[    1.286395] ehci-pci 0000:00:1a.0: new USB bus registered, assigned bus number 1
[    1.286410] ehci-pci 0000:00:1a.0: debug port 2
[    1.287206] SCSI subsystem initialized
[    1.288587] libata version 3.00 loaded.
[    1.290302] ehci-pci 0000:00:1a.0: cache line size of 64 is not supported
[    1.290314] ehci-pci 0000:00:1a.0: irq 16, io mem 0xf7b14000
[    1.302788] ehci-pci 0000:00:1a.0: USB 2.0 started, EHCI 1.00
[    1.303035] hub 1-0:1.0: USB hub found
[    1.303045] hub 1-0:1.0: 2 ports detected
[    1.303400] ehci-pci 0000:00:1d.0: EHCI Host Controller
[    1.303410] ehci-pci 0000:00:1d.0: new USB bus registered, assigned bus number 2
[    1.303424] ehci-pci 0000:00:1d.0: debug port 2
[    1.307329] ehci-pci 0000:00:1d.0: cache line size of 64 is not supported
[    1.307340] ehci-pci 0000:00:1d.0: irq 23, io mem 0xf7b13000
[    1.319501] ehci-pci 0000:00:1d.0: USB 2.0 started, EHCI 1.00
[    1.319830] hub 2-0:1.0: USB hub found
[    1.319836] hub 2-0:1.0: 2 ports detected
[    1.320159] xhci_hcd 0000:00:14.0: xHCI Host Controller
[    1.320164] xhci_hcd 0000:00:14.0: new USB bus registered, assigned bus number 3
[    1.321261] xhci_hcd 0000:00:14.0: hcc params 0x20007181 hci version 0x100 quirks 0x0000b930
[    1.321266] xhci_hcd 0000:00:14.0: cache line size of 64 is not supported
[    1.321475] hub 3-0:1.0: USB hub found
[    1.321483] hub 3-0:1.0: 4 ports detected
[    1.321584] xhci_hcd 0000:00:14.0: xHCI Host Controller
[    1.321586] xhci_hcd 0000:00:14.0: new USB bus registered, assigned bus number 4
[    1.321717] hub 4-0:1.0: USB hub found
[    1.321724] hub 4-0:1.0: 4 ports detected
[    1.321845] ahci 0000:00:1f.2: version 3.0
[    1.332128] ahci 0000:00:1f.2: AHCI 0001.0300 32 slots 6 ports 6 Gbps 0x3f impl SATA mode
[    1.332131] ahci 0000:00:1f.2: flags: 64bit ncq pm led clo pio slum part ems apst 
[    1.380277] scsi host0: ahci
[    1.380690] scsi host1: ahci
[    1.381091] scsi host2: ahci
[    1.381344] scsi host3: ahci
[    1.381496] scsi host4: ahci
[    1.381671] scsi host5: ahci
[    1.381748] ata1: SATA max UDMA/133 abar m2048@0xf7b12000 port 0xf7b12100 irq 25
[    1.381751] ata2: SATA max UDMA/133 abar m2048@0xf7b12000 port 0xf7b12180 irq 25
[    1.381754] ata3: SATA max UDMA/133 abar m2048@0xf7b12000 port 0xf7b12200 irq 25
[    1.381756] ata4: SATA max UDMA/133 abar m2048@0xf7b12000 port 0xf7b12280 irq 25
[    1.381759] ata5: SATA max UDMA/133 abar m2048@0xf7b12000 port 0xf7b12300 irq 25
[    1.381762] ata6: SATA max UDMA/133 abar m2048@0xf7b12000 port 0xf7b12380 irq 25
[    1.622774] usb 1-1: new high-speed USB device number 2 using ehci-pci
[    1.642782] usb 2-1: new high-speed USB device number 2 using ehci-pci
[    1.696280] ata1: SATA link up 3.0 Gbps (SStatus 123 SControl 300)
[    1.696303] ata2: SATA link down (SStatus 0 SControl 300)
[    1.696327] ata4: SATA link down (SStatus 0 SControl 300)
[    1.696351] ata5: SATA link down (SStatus 0 SControl 300)
[    1.696375] ata3: SATA link down (SStatus 0 SControl 300)
[    1.696398] ata6: SATA link down (SStatus 0 SControl 300)
[    1.697215] ata1.00: ACPI cmd ef/10:06:00:00:00:00 (SET FEATURES) succeeded
[    1.697227] ata1.00: ACPI cmd f5/00:00:00:00:00:00 (SECURITY FREEZE LOCK) filtered out
[    1.697230] ata1.00: ACPI cmd b1/c1:00:00:00:00:00 (DEVICE CONFIGURATION OVERLAY) filtered out
[    1.707657] ata1.00: ATA-8: WDC WD1600AAJS-56WAA0, 58.01D58, max UDMA/133
[    1.707659] ata1.00: 312581808 sectors, multi 16: LBA48 NCQ (depth 31/32), AA
[    1.708892] ata1.00: ACPI cmd ef/10:06:00:00:00:00 (SET FEATURES) succeeded
[    1.708895] ata1.00: ACPI cmd f5/00:00:00:00:00:00 (SECURITY FREEZE LOCK) filtered out
[    1.708897] ata1.00: ACPI cmd b1/c1:00:00:00:00:00 (DEVICE CONFIGURATION OVERLAY) filtered out
[    1.709935] ata1.00: configured for UDMA/133
[    1.710272] scsi 0:0:0:0: Direct-Access     ATA      WDC WD1600AAJS-5 1D58 PQ: 0 ANSI: 5
[    1.760369] hub 1-1:1.0: USB hub found
[    1.760443] hub 1-1:1.0: 6 ports detected
[    1.762136] sd 0:0:0:0: [sda] 312581808 512-byte logical blocks: (160 GB/149 GiB)
[    1.762241] sd 0:0:0:0: [sda] Write Protect is off
[    1.762245] sd 0:0:0:0: [sda] Mode Sense: 00 3a 00 00
[    1.762279] sd 0:0:0:0: [sda] Write cache: enabled, read cache: enabled, doesn't support DPO or FUA
[    1.780548] hub 2-1:1.0: USB hub found
[    1.780726] hub 2-1:1.0: 8 ports detected
[    1.811131]  sda: sda1 sda2 sda3
[    1.812320] sd 0:0:0:0: [sda] Attached SCSI disk
[    2.039420] usb 1-1.2: new full-speed USB device number 3 using ehci-pci
[    2.059397] usb 2-1.6: new low-speed USB device number 3 using ehci-pci
[    2.139382] tsc: Refined TSC clocksource calibration: 3300.022 MHz
[    2.139390] clocksource: tsc: mask: 0xffffffffffffffff max_cycles: 0x2f91614f8ec, max_idle_ns: 440795344305 ns
[    2.140007] hidraw: raw HID events driver (C) Jiri Kosina
[    2.141760] usbcore: registered new interface driver usbhid
[    2.141761] usbhid: USB HID core driver
[    2.142394] input: Winbond Electronics Corp Hermon USB hidmouse Device as /devices/pci0000:00/0000:00:1a.0/usb1/1-1/1-1.2/1-1.2:1.0/0003:0557:2221.0001/input/input2
[    2.142457] hid-generic 0003:0557:2221.0001: input,hidraw0: USB HID v1.00 Mouse [Winbond Electronics Corp Hermon USB hidmouse Device] on usb-0000:00:1a.0-1.2/input0
[    2.142604] input: Winbond Electronics Corp Hermon USB hidmouse Device as /devices/pci0000:00/0000:00:1a.0/usb1/1-1/1-1.2/1-1.2:1.1/0003:0557:2221.0002/input/input3
[    2.168764] input: Lite-On Technology Corp. USB Multimedia Keyboard as /devices/pci0000:00/0000:00:1d.0/usb2/2-1/2-1.6/2-1.6:1.0/0003:04CA:002F.0003/input/input4
[    2.196237] hid-generic 0003:0557:2221.0002: input,hidraw1: USB HID v1.00 Keyboard [Winbond Electronics Corp Hermon USB hidmouse Device] on usb-0000:00:1a.0-1.2/input1
[    2.252892] hid-generic 0003:04CA:002F.0003: input,hidraw2: USB HID v1.10 Keyboard [Lite-On Technology Corp. USB Multimedia Keyboard] on usb-0000:00:1d.0-1.6/input0
[    2.260809] input: Lite-On Technology Corp. USB Multimedia Keyboard as /devices/pci0000:00/0000:00:1d.0/usb2/2-1/2-1.6/2-1.6:1.1/0003:04CA:002F.0004/input/input5
[    2.316394] hid-generic 0003:04CA:002F.0004: input,hiddev0,hidraw3: USB HID v1.10 Device [Lite-On Technology Corp. USB Multimedia Keyboard] on usb-0000:00:1d.0-1.6/input1
[    2.359608] random: fast init done
[    2.526566] EXT4-fs (sda2): mounted filesystem with ordered data mode. Opts: (null)
[    3.152850] clocksource: Switched to clocksource tsc
[    3.459162] systemd[1]: System time before build time, advancing clock.
[    3.642142] ip_tables: (C) 2000-2006 Netfilter Core Team
[    3.767502] systemd[1]: systemd 232 running in system mode. (+PAM -AUDIT -SELINUX -IMA -APPARMOR +SMACK -SYSVINIT +UTMP +LIBCRYPTSETUP +GCRYPT +GNUTLS +ACL +XZ +LZ4 +SECCOMP +BLKID +ELFUTILS +KMOD +IDN)
[    3.767740] systemd[1]: Detected architecture x86-64.
[    3.795749] systemd[1]: Set hostname to <cbtest>.
[    4.355336] random: crng init done
[    4.786470] systemd[1]: Reached target Remote File Systems.
[    4.786559] systemd[1]: Listening on Journal Socket (/dev/log).
[    4.786604] systemd[1]: Listening on Journal Socket.
[    4.786660] systemd[1]: Started Dispatch Password Requests to Console Directory Watch.
[    4.786701] systemd[1]: Listening on udev Control Socket.
[    4.786747] systemd[1]: Started Forward Password Requests to Wall Directory Watch.
[    4.786764] systemd[1]: Reached target Encrypted Volumes.
[    5.173864] EXT4-fs (sda2): re-mounted. Opts: data=ordered
[    5.523667] systemd-journald[203]: Received request to flush runtime journal from PID 1
[    6.656254] input: Power Button as /devices/LNXSYSTM:00/LNXSYBUS:00/PNP0C0C:00/input/input6
[    6.656257] ACPI: Power Button [PWRB]
[    6.656287] input: Power Button as /devices/LNXSYSTM:00/LNXPWRBN:00/input/input7
[    6.656288] ACPI: Power Button [PWRF]
[    6.766149] FUJITSU Extended Socket Network Device Driver - version 1.1 - Copyright (c) 2015 FUJITSU LIMITED
[    6.785408] ipmi message handler version 39.2
[    6.786382] ipmi_si IPI0001:00: ipmi_si: probing via ACPI
[    6.786395] ipmi_si IPI0001:00: [io  0x0ca2] regsize 1 spacing 1 irq 0
[    6.786396] ipmi_si: Adding ACPI-specified kcs state machine
[    6.786406] IPMI System Interface driver.
[    6.786417] ipmi_si: probing via SMBIOS
[    6.786418] ipmi_si: SMBIOS: io 0xca2 regsize 1 spacing 1 irq 0
[    6.786418] ipmi_si: Adding SMBIOS-specified kcs state machine duplicate interface
[    6.786419] ipmi_si: probing via SPMI
[    6.786420] ipmi_si: SPMI: io 0xca2 regsize 1 spacing 1 irq 0
[    6.786420] ipmi_si: Adding SPMI-specified kcs state machine duplicate interface
[    6.786422] ipmi_si: Trying ACPI-specified kcs state machine at i/o address 0xca2, slave address 0x0, irq 0
[    6.821730] shpchp: Standard Hot Plug PCI Controller Driver version: 0.4
[    6.840761] ACPI Warning: SystemIO range 0x0000000000000428-0x000000000000042F conflicts with OpRegion 0x0000000000000400-0x000000000000047F (\PMIO) (20160422/utaddress-255)
[    6.840765] ACPI: If an ACPI driver is available for this device, you should use it instead of the native driver
[    6.840770] ACPI Warning: SystemIO range 0x0000000000000540-0x000000000000054F conflicts with OpRegion 0x0000000000000500-0x0000000000000563 (\GPIO) (20160422/utaddress-255)
[    6.840772] ACPI: If an ACPI driver is available for this device, you should use it instead of the native driver
[    6.840773] ACPI Warning: SystemIO range 0x0000000000000530-0x000000000000053F conflicts with OpRegion 0x0000000000000500-0x0000000000000563 (\GPIO) (20160422/utaddress-255)
[    6.840775] ACPI: If an ACPI driver is available for this device, you should use it instead of the native driver
[    6.840775] ACPI Warning: SystemIO range 0x0000000000000500-0x000000000000052F conflicts with OpRegion 0x0000000000000500-0x0000000000000563 (\GPIO) (20160422/utaddress-255)
[    6.840777] ACPI: If an ACPI driver is available for this device, you should use it instead of the native driver
[    6.840777] lpc_ich: Resource conflict(s) found affecting gpio_ich
[    6.849362] thermal LNXTHERM:00: registered as thermal_zone0
[    6.849363] ACPI: Thermal Zone [TZ00] (28 C)
[    6.849544] thermal LNXTHERM:01: registered as thermal_zone1
[    6.849545] ACPI: Thermal Zone [TZ01] (30 C)
[    6.855795] i801_smbus 0000:00:1f.3: SMBus using PCI interrupt
[    6.864955] EDAC MC: Ver: 3.0.0
[    6.866571] EDAC MC0: Giving out device to module ie31200_edac controller IE31200: DEV 0000:00:00.0 (POLLED)
[    6.929188] input: PC Speaker as /devices/platform/pcspkr/input/input8
[    6.929365] RAPL PMU: API unit is 2^-32 Joules, 3 fixed counters, 163840 ms ovfl timer
[    6.929366] RAPL PMU: hw unit of domain pp0-core 2^-16 Joules
[    6.929367] RAPL PMU: hw unit of domain package 2^-16 Joules
[    6.929367] RAPL PMU: hw unit of domain pp1-gpu 2^-16 Joules
[    6.929567] pps_core: LinuxPPS API ver. 1 registered
[    6.929568] pps_core: Software ver. 5.3.6 - Copyright 2005-2007 Rodolfo Giometti <giometti@linux.it>
[    6.938725] PTP clock support registered
[    6.991027] iTCO_vendor_support: vendor-support=0
[    7.015638] ipmi_si IPI0001:00: The BMC does not support clearing the recv irq bit, compensating, but the BMC needs to be fixed.
[    7.092356] e1000e: Intel(R) PRO/1000 Network Driver - 3.2.6-k
[    7.092357] e1000e: Copyright(c) 1999 - 2015 Intel Corporation.
[    7.092437] e1000e 0000:02:00.0: Disabling ASPM L0s L1
[    7.092632] e1000e 0000:02:00.0: Interrupt Throttling Rate (ints/sec) set to dynamic conservative mode
[    7.100843] iTCO_wdt: Intel TCO WatchDog Timer Driver v1.11
[    7.100866] iTCO_wdt: Found a Panther Point TCO device (Version=2, TCOBASE=0x0460)
[    7.100957] iTCO_wdt: initialized. heartbeat=30 sec (nowayout=0)
[    7.148468] e1000e 0000:02:00.0 0000:02:00.0 (uninitialized): registered PHC clock
[    7.203321] e1000e 0000:02:00.0 eth0: (PCI Express:2.5GT/s:Width x1) 00:25:90:a0:cc:d4
[    7.203330] e1000e 0000:02:00.0 eth0: Intel(R) PRO/1000 Network Connection
[    7.203417] e1000e 0000:02:00.0 eth0: MAC: 3, PHY: 8, PBA No: FFFFFF-0FF
[    7.203502] e1000e 0000:03:00.0: Disabling ASPM L0s L1
[    7.203744] e1000e 0000:03:00.0: Interrupt Throttling Rate (ints/sec) set to dynamic conservative mode
[    7.217750] AVX version of gcm_enc/dec engaged.
[    7.217751] AES CTR mode by8 optimization enabled
[    7.261622] e1000e 0000:03:00.0 0000:03:00.0 (uninitialized): registered PHC clock
[    7.317880] e1000e 0000:03:00.0 eth1: (PCI Express:2.5GT/s:Width x1) 00:25:90:a0:cc:d5
[    7.317884] e1000e 0000:03:00.0 eth1: Intel(R) PRO/1000 Network Connection
[    7.317974] e1000e 0000:03:00.0 eth1: MAC: 3, PHY: 8, PBA No: FFFFFF-0FF
[    7.415104] e1000e 0000:02:00.0 enp2s0: renamed from eth0
[    7.435844] e1000e 0000:03:00.0 enp3s0: renamed from eth1
[    7.437538] mousedev: PS/2 mouse device common for all mice
[    7.455673] [drm] Initialized drm 1.1.0 20060810
[    7.502211] checking generic (f6000000 130000) vs hw (f6000000 1000000)
[    7.502212] fb: switching to mgag200drmfb from EFI VGA
[    7.502258] Console: switching to colour dummy device 80x25
[    7.508539] [TTM] Zone  kernel: Available graphics memory: 4072346 kiB
[    7.508540] [TTM] Zone   dma32: Available graphics memory: 2097152 kiB
[    7.508541] [TTM] Initializing pool allocator
[    7.508545] [TTM] Initializing DMA pool allocator
[    7.573509] fbcon: mgadrmfb (fb0) is primary device
[    7.573581] Console: switching to colour frame buffer device 160x64
[    7.625725] ipmi_si IPI0001:00: Found new BMC (man_id: 0x002a7c, prod_id: 0x0643, dev_id: 0x20)
[    7.625730] ipmi_si IPI0001:00: IPMI kcs interface initialized
[    7.660305] IPMI SSIF Interface driver
[    7.829237] mgag200 0000:04:03.0: fb0: mgadrmfb frame buffer device
[    7.852260] [drm] Initialized mgag200 1.0.0 20110418 for 0000:04:03.0 on minor 0
[    7.941927] intel_rapl: Found RAPL domain package
[    7.941928] intel_rapl: Found RAPL domain core
[    7.941931] intel_rapl: RAPL package 0 domain package locked by BIOS
[    8.115354] Adding 8388416k swap on /dev/sda3.  Priority:-1 extents:1 across:8388416k FS
[    9.552599] IPv6: ADDRCONF(NETDEV_UP): enp2s0: link is not ready
[   13.376212] e1000e: enp2s0 NIC Link is Up 1000 Mbps Full Duplex, Flow Control: None
[   13.376564] IPv6: ADDRCONF(NETDEV_CHANGE): enp2s0: link becomes ready
